[     805ms] [ERROR] Failed to load resource: the server responded with a status of 401 () @ https://developers.line.biz/api/v1/session:0
[    1085ms] [WARNING] Partial content not found at path: /en/_partials/messaging-api/send-reply-message @ https://developers.line.biz/_nuxt/S7VDqYez.js:0
[    1085ms] [WARNING] Partial content not found at path: /en/_partials/messaging-api/send-push-message @ https://developers.line.biz/_nuxt/S7VDqYez.js:0
[    1085ms] [WARNING] Partial content not found at path: /en/_partials/messaging-api/send-multicast @ https://developers.line.biz/_nuxt/S7VDqYez.js:0
[    1085ms] [WARNING] Partial content not found at path: /en/_partials/messaging-api/send-narrowcast @ https://developers.line.biz/_nuxt/S7VDqYez.js:0
[    1085ms] [WARNING] Partial content not found at path: /en/_partials/messaging-api/get-narrowcast-progress-status @ https://developers.line.biz/_nuxt/S7VDqYez.js:0
[    1085ms] [WARNING] Partial content not found at path: /en/_partials/messaging-api/send-broadcast @ https://developers.line.biz/_nuxt/S7VDqYez.js:0
[    1085ms] [WARNING] Partial content not found at path: /en/_partials/messaging-api/mark-as-read @ https://developers.line.biz/_nuxt/S7VDqYez.js:0
[    1085ms] [WARNING] Partial content not found at path: /en/_partials/messaging-api/loading-indicator @ https://developers.line.biz/_nuxt/S7VDqYez.js:0
[    1085ms] [WARNING] Partial content not found at path: /en/_partials/messaging-api/get-quota @ https://developers.line.biz/_nuxt/S7VDqYez.js:0
[    1085ms] [WARNING] Partial content not found at path: /en/_partials/messaging-api/get-number-of-sent-messages @ https://developers.line.biz/_nuxt/S7VDqYez.js:0
[    1085ms] [WARNING] Partial content not found at path: /en/_partials/messaging-api/get-number-of-reply-messages @ https://developers.line.biz/_nuxt/S7VDqYez.js:0
[    1085ms] [WARNING] Partial content not found at path: /en/_partials/messaging-api/get-number-of-push-messages @ https://developers.line.biz/_nuxt/S7VDqYez.js:0
[    1085ms] [WARNING] Partial content not found at path: /en/_partials/messaging-api/get-number-of-multicast-messages @ https://developers.line.biz/_nuxt/S7VDqYez.js:0
[    1085ms] [WARNING] Partial content not found at path: /en/_partials/messaging-api/get-number-of-broadcast-messages @ https://developers.line.biz/_nuxt/S7VDqYez.js:0
[    1085ms] [WARNING] Partial content not found at path: /en/_partials/messaging-api/validate-message-objects-of-reply-message @ https://developers.line.biz/_nuxt/S7VDqYez.js:0
[    1085ms] [WARNING] Partial content not found at path: /en/_partials/messaging-api/validate-message-objects-of-push-message @ https://developers.line.biz/_nuxt/S7VDqYez.js:0
[    1085ms] [WARNING] Partial content not found at path: /en/_partials/messaging-api/validate-message-objects-of-multicast-message @ https://developers.line.biz/_nuxt/S7VDqYez.js:0
[    1085ms] [WARNING] Partial content not found at path: /en/_partials/messaging-api/validate-message-objects-of-narrowcast-message @ https://developers.line.biz/_nuxt/S7VDqYez.js:0
[    1085ms] [WARNING] Partial content not found at path: /en/_partials/messaging-api/validate-message-objects-of-broadcast-message @ https://developers.line.biz/_nuxt/S7VDqYez.js:0
[    1085ms] [WARNING] Partial content not found at path: /en/_partials/messaging-api/retry-api-request @ https://developers.line.biz/_nuxt/S7VDqYez.js:0
